﻿node.exe : 
[31mfailed to load 
config from 
C:\Users\SLIM 3\.gemin
i\antigravity\scratch\
vite.config.js[39m
At line:1 char:1
+ & "C:\Program Files\
nodejs/node.exe" 
"C:\Users\SLIM 
3\AppData\Roaming ...
+ ~~~~~~~~~~~~~~~~~~~~
~~~~~~~~~~~~~~~~~~~~~~
~~~~~~~~~~~~~~~~~~~~~~
~~~~~
    + CategoryInfo    
          : NotSpeci  
  fied: ([31mfaile   
 d to ....config.j    
s[39m:String) []    
, RemoteException
    + FullyQualifiedE 
   rrorId : NativeCo  
  mmandError
 
[31merror during 
build:
Error [ERR_MODULE_NOT_
FOUND]: Cannot find 
package 
'vite-plugin-pwa' 
imported from 
C:\Users\SLIM 3\.gemin
i\antigravity\scratch\
vite.config.js.timesta
mp-1772883139577-60ae7
d5ae7451.mjs
    at Object.getPacka
geJSONURL (node:intern
al/modules/package_jso
n_reader:266:9)
    at packageResolve 
(node:internal/modules
/esm/resolve:767:81)
    at moduleResolve (
node:internal/modules/
esm/resolve:853:18)
    at defaultResolve 
(node:internal/modules
/esm/resolve:983:11)
    at 
#cachedDefaultResolve 
(node:internal/modules
/esm/loader:731:20)
    at 
ModuleLoader.resolve (
node:internal/modules/
esm/loader:708:38)
    at ModuleLoader.ge
tModuleJobForImport (n
ode:internal/modules/e
sm/loader:310:38)
    at 
ModuleJob._link (node:
internal/modules/esm/m
odule_job:183:49)[39m
